// Vitest Snapshot v1, https://vitest.dev/guide/snapshot.html

exports[`AboutView > Probando la existencia del componente o vista AboutView 1`] = `
"<div class="about">
  <h1>This is an about page</h1>
</div>"
`;
